cool session / cool session topic 1

test message 1

test message 2

